11:28:04:917 [INFO] Connecting to simulation server at 127.0.0.1
11:28:04:930 [INFO] Connection opened.
11:28:04:931 [INFO] Loading scene config: scene_basic_drone.jsonc
11:28:06:459 [INFO] Getting the list of available topic info from the sim server...
11:28:06:471 [INFO] Successfully received topic info list.
11:28:08:472 [INFO] World object updated for the loaded scene '/Sim/SceneBasicDrone'. Note: Any previous Drone object instances may no longer be valid.
11:28:08:474 [INFO] Trajectory 'null_trajectory' imported successfully.
11:28:08:474 [INFO] Initalizing Drone 'Drone1'...
11:28:08:475 [INFO] -------------------------------------------------
11:28:08:475 [INFO] The following topics can be subscribed to for robot 'Drone1':
11:28:08:476 [INFO]     sensors["Chase"]["scene_camera"]
11:28:08:476 [INFO]     sensors["Chase"]["scene_camera_info"]
11:28:08:477 [INFO]     sensors["DownCamera"]["scene_camera"]
11:28:08:477 [INFO]     sensors["DownCamera"]["scene_camera_info"]
11:28:08:477 [INFO]     sensors["DownCamera"]["depth_camera"]
11:28:08:478 [INFO]     sensors["DownCamera"]["depth_camera_info"]
11:28:08:478 [INFO]     sensors["IMU1"]["imu_kinematics"]
11:28:08:479 [INFO]     sensors["GPS"]["gps"]
11:28:08:479 [INFO]     sensors["Barometer"]["barometer"]
11:28:08:479 [INFO]     sensors["Magnetometer"]["magnetometer"]
11:28:08:480 [INFO]     robot_info["actual_pose"]
11:28:08:480 [INFO]     robot_info["collision_info"]
11:28:08:480 [INFO]     robot_info["rotor_info"]
11:28:08:481 [INFO] -------------------------------------------------
11:28:08:481 [INFO] Drone 'Drone1' initialized for World scene '/Sim/SceneBasicDrone'
11:28:36:632 [INFO] Disconnecting from simulation server...
11:28:36:751 [INFO] Disconnected.
