13:35:38:686 [INFO] Connecting to simulation server at 127.0.0.1
13:35:38:703 [INFO] Connection opened.
13:35:38:703 [INFO] Loading scene config: scene_basic_drone.jsonc
13:35:40:230 [INFO] Getting the list of available topic info from the sim server...
13:35:40:242 [INFO] Successfully received topic info list.
13:35:42:243 [INFO] World object updated for the loaded scene '/Sim/SceneBasicDrone'. Note: Any previous Drone object instances may no longer be valid.
13:35:42:245 [INFO] Trajectory 'null_trajectory' imported successfully.
13:35:42:246 [INFO] Initalizing Drone 'Drone1'...
13:35:42:246 [INFO] -------------------------------------------------
13:35:42:247 [INFO] The following topics can be subscribed to for robot 'Drone1':
13:35:42:247 [INFO]     sensors["Chase"]["scene_camera"]
13:35:42:247 [INFO]     sensors["Chase"]["scene_camera_info"]
13:35:42:248 [INFO]     sensors["DownCamera"]["scene_camera"]
13:35:42:248 [INFO]     sensors["DownCamera"]["scene_camera_info"]
13:35:42:248 [INFO]     sensors["DownCamera"]["depth_camera"]
13:35:42:249 [INFO]     sensors["DownCamera"]["depth_camera_info"]
13:35:42:249 [INFO]     sensors["IMU1"]["imu_kinematics"]
13:35:42:249 [INFO]     sensors["GPS"]["gps"]
13:35:42:249 [INFO]     sensors["Barometer"]["barometer"]
13:35:42:250 [INFO]     sensors["Magnetometer"]["magnetometer"]
13:35:42:250 [INFO]     robot_info["actual_pose"]
13:35:42:250 [INFO]     robot_info["collision_info"]
13:35:42:251 [INFO]     robot_info["rotor_info"]
13:35:42:251 [INFO] -------------------------------------------------
13:35:42:251 [INFO] Drone 'Drone1' initialized for World scene '/Sim/SceneBasicDrone'
13:35:42:256 [INFO] takeoff_async: starting
13:35:45:246 [INFO] takeoff_async: completed
13:35:45:246 [INFO] Move-Up invoked
13:35:49:441 [INFO] Move-Up completed
13:35:49:442 [INFO] Move-Down invoked
13:35:53:611 [INFO] Move-Down completed
13:35:53:612 [INFO] land_async: starting
13:36:01:158 [INFO] land_async: completed
13:36:01:162 [INFO] Disconnecting from simulation server...
13:36:01:212 [INFO] Disconnected.
